[debug] [2026-09-01T12:40:01.864Z] ----------------------------------------------------------------------
[debug] [2026-09-01T12:40:01.865Z] Command:       /usr/local/bin/node /Users/motegitakama/.npm-global/bin/firebase deploy --only functions
[debug] [2026-09-01T12:40:01.866Z] CLI Version:   15.25.1
[debug] [2026-09-01T12:40:01.866Z] Platform:      darwin
[debug] [2026-09-01T12:40:01.866Z] Node Version:  v22.14.0
[debug] [2026-09-01T12:40:01.866Z] Detected Agent: unknown
[debug] [2026-09-01T12:40:01.866Z] Time:          Tue Sep 01 2026 21:40:01 GMT+0900 (日本標準時)
[debug] [2026-09-01T12:40:01.866Z] ----------------------------------------------------------------------
[debug] 
[debug] [2026-09-01T12:40:02.789Z] > command requires scopes: ["email","openid","https://www.googleapis.com/auth/cloudplatformprojects.readonly","https://www.googleapis.com/auth/firebase","https://www.googleapis.com/auth/cloud-platform"]
[debug] [2026-09-01T12:40:02.789Z] > authorizing via signed-in user (motegitakama0215@gmail.com)
[debug] [2026-09-01T12:40:02.789Z] [iam] checking project famitui for permissions ["cloudfunctions.functions.create","cloudfunctions.functions.delete","cloudfunctions.functions.get","cloudfunctions.functions.list","cloudfunctions.functions.update","cloudfunctions.operations.get","firebase.projects.get"]
[debug] [2026-09-01T12:40:02.793Z] Checked if tokens are valid: false, expires at: 1788267000982
[debug] [2026-09-01T12:40:02.793Z] Checked if tokens are valid: false, expires at: 1788267000982
[debug] [2026-09-01T12:40:02.793Z] > refreshing access token with scopes: []
[debug] [2026-09-01T12:40:02.794Z] >>> [apiv2][query] POST https://www.googleapis.com/oauth2/v3/token [none]
[debug] [2026-09-01T12:40:02.794Z] >>> [apiv2][body] POST https://www.googleapis.com/oauth2/v3/token [omitted]
[debug] [2026-09-01T12:40:13.316Z] *** [apiv2] error from fetch(https://www.googleapis.com/oauth2/v3/token, {"headers":{},"method":"POST","body":{"type":"Buffer","data":[45,45,45,45,45,45,45,45,45,45,45,45,45,45,45,45,45,45,45,45,45,45,45,45,45,45,45,45,98,49,51,49,50,100,97,51,55,99,48,101,101,50,54,54,55,51,101,52,56,49,53,97,13,10,67,111,110,116,101,110,116,45,68,105,115,112,111,115,105,116,105,111,110,58,32,102,111,114,109,45,100,97,116,97,59,32,110,97,109,101,61,34,114,101,102,114,101,115,104,95,116,111,107,101,110,34,13,10,13,10,49,47,47,48,101,100,116,109,103,113,109,70,87,97,118,119,67,103,89,73,65,82,65,65,71,65,52,83,78,119,70,45,76,57,73,114,73,50,49,121,56,117,121,56,121,85,56,117,79,77,89,52,113,48,83,68,51,119,107,65,84,107,54,120,117,107,120,116,50,65,67,83,98,75,121,114,102,99,99,55,102,66,106,73,120,116,76,51,84,114,53,104,83,113,100,76,55,50,114,86,54,86,65,13,10,45,45,45,45,45,45,45,45,45,45,45,45,45,45,45,45,45,45,45,45,45,45,45,45,45,45,45,45,98,49,51,49,50,100,97,51,55,99,48,101,101,50,54,54,55,51,101,52,56,49,53,97,13,10,67,111,110,116,101,110,116,45,68,105,115,112,111,115,105,116,105,111,110,58,32,102,111,114,109,45,100,97,116,97,59,32,110,97,109,101,61,34,99,108,105,101,110,116,95,105,100,34,13,10,13,10,53,54,51,53,56,52,51,51,53,56,54,57,45,102,103,114,104,103,109,100,52,55,98,113,110,101,107,105,106,53,105,56,98,53,112,114,48,51,104,111,56,52,57,101,54,46,97,112,112,115,46,103,111,111,103,108,101,117,115,101,114,99,111,110,116,101,110,116,46,99,111,109,13,10,45,45,45,45,45,45,45,45,45,45,45,45,45,45,45,45,45,45,45,45,45,45,45,45,45,45,45,45,98,49,51,49,50,100,97,51,55,99,48,101,101,50,54,54,55,51,101,52,56,49,53,97,13,10,67,111,110,116,101,110,116,45,68,105,115,112,111,115,105,116,105,111,110,58,32,102,111,114,109,45,100,97,116,97,59,32,110,97,109,101,61,34,99,108,105,101,110,116,95,115,101,99,114,101,116,34,13,10,13,10,106,57,105,86,90,102,83,56,107,107,67,69,70,85,80,97,65,101,74,86,48,115,65,105,13,10,45,45,45,45,45,45,45,45,45,45,45,45,45,45,45,45,45,45,45,45,45,45,45,45,45,45,45,45,98,49,51,49,50,100,97,51,55,99,48,101,101,50,54,54,55,51,101,52,56,49,53,97,13,10,67,111,110,116,101,110,116,45,68,105,115,112,111,115,105,116,105,111,110,58,32,102,111,114,109,45,100,97,116,97,59,32,110,97,109,101,61,34,103,114,97,110,116,95,116,121,112,101,34,13,10,13,10,114,101,102,114,101,115,104,95,116,111,107,101,110,13,10,45,45,45,45,45,45,45,45,45,45,45,45,45,45,45,45,45,45,45,45,45,45,45,45,45,45,45,45,98,49,51,49,50,100,97,51,55,99,48,101,101,50,54,54,55,51,101,52,56,49,53,97,13,10,67,111,110,116,101,110,116,45,68,105,115,112,111,115,105,116,105,111,110,58,32,102,111,114,109,45,100,97,116,97,59,32,110,97,109,101,61,34,115,99,111,112,101,34,13,10,13,10,13,10,45,45,45,45,45,45,45,45,45,45,45,45,45,45,45,45,45,45,45,45,45,45,45,45,45,45,45,45,98,49,51,49,50,100,97,51,55,99,48,101,101,50,54,54,55,51,101,52,56,49,53,97,45,45,13,10]}}): ConnectTimeoutError: Connect Timeout Error (attempted address: www.googleapis.com:443, timeout: 10000ms)
[error] Authentication Error: Your credentials are no longer valid. Please run firebase login --reauth

For CI servers and headless environments, generate a new token with firebase login:ci
[debug] [2026-09-01T12:40:13.317Z] [iam] error while checking permissions, command may fail: Authentication Error: Your credentials are no longer valid. Please run firebase login --reauth

For CI servers and headless environments, generate a new token with firebase login:ci
[debug] [2026-09-01T12:40:13.318Z] Checked if tokens are valid: false, expires at: 1788267000982
[debug] [2026-09-01T12:40:13.318Z] Checked if tokens are valid: false, expires at: 1788267000982
[debug] [2026-09-01T12:40:13.318Z] > refreshing access token with scopes: []
[debug] [2026-09-01T12:40:13.319Z] >>> [apiv2][query] POST https://www.googleapis.com/oauth2/v3/token [none]
[debug] [2026-09-01T12:40:13.319Z] >>> [apiv2][body] POST https://www.googleapis.com/oauth2/v3/token [omitted]
[debug] [2026-09-01T12:40:23.819Z] *** [apiv2] error from fetch(https://www.googleapis.com/oauth2/v3/token, {"headers":{},"method":"POST","body":{"type":"Buffer","data":[45,45,45,45,45,45,45,45,45,45,45,45,45,45,45,45,45,45,45,45,45,45,45,45,45,45,45,45,55,99,48,97,57,54,97,98,52,101,100,55,52,54,98,56,49,48,55,49,57,49,56,48,13,10,67,111,110,116,101,110,116,45,68,105,115,112,111,115,105,116,105,111,110,58,32,102,111,114,109,45,100,97,116,97,59,32,110,97,109,101,61,34,114,101,102,114,101,115,104,95,116,111,107,101,110,34,13,10,13,10,49,47,47,48,101,100,116,109,103,113,109,70,87,97,118,119,67,103,89,73,65,82,65,65,71,65,52,83,78,119,70,45,76,57,73,114,73,50,49,121,56,117,121,56,121,85,56,117,79,77,89,52,113,48,83,68,51,119,107,65,84,107,54,120,117,107,120,116,50,65,67,83,98,75,121,114,102,99,99,55,102,66,106,73,120,116,76,51,84,114,53,104,83,113,100,76,55,50,114,86,54,86,65,13,10,45,45,45,45,45,45,45,45,45,45,45,45,45,45,45,45,45,45,45,45,45,45,45,45,45,45,45,45,55,99,48,97,57,54,97,98,52,101,100,55,52,54,98,56,49,48,55,49,57,49,56,48,13,10,67,111,110,116,101,110,116,45,68,105,115,112,111,115,105,116,105,111,110,58,32,102,111,114,109,45,100,97,116,97,59,32,110,97,109,101,61,34,99,108,105,101,110,116,95,105,100,34,13,10,13,10,53,54,51,53,56,52,51,51,53,56,54,57,45,102,103,114,104,103,109,100,52,55,98,113,110,101,107,105,106,53,105,56,98,53,112,114,48,51,104,111,56,52,57,101,54,46,97,112,112,115,46,103,111,111,103,108,101,117,115,101,114,99,111,110,116,101,110,116,46,99,111,109,13,10,45,45,45,45,45,45,45,45,45,45,45,45,45,45,45,45,45,45,45,45,45,45,45,45,45,45,45,45,55,99,48,97,57,54,97,98,52,101,100,55,52,54,98,56,49,48,55,49,57,49,56,48,13,10,67,111,110,116,101,110,116,45,68,105,115,112,111,115,105,116,105,111,110,58,32,102,111,114,109,45,100,97,116,97,59,32,110,97,109,101,61,34,99,108,105,101,110,116,95,115,101,99,114,101,116,34,13,10,13,10,106,57,105,86,90,102,83,56,107,107,67,69,70,85,80,97,65,101,74,86,48,115,65,105,13,10,45,45,45,45,45,45,45,45,45,45,45,45,45,45,45,45,45,45,45,45,45,45,45,45,45,45,45,45,55,99,48,97,57,54,97,98,52,101,100,55,52,54,98,56,49,48,55,49,57,49,56,48,13,10,67,111,110,116,101,110,116,45,68,105,115,112,111,115,105,116,105,111,110,58,32,102,111,114,109,45,100,97,116,97,59,32,110,97,109,101,61,34,103,114,97,110,116,95,116,121,112,101,34,13,10,13,10,114,101,102,114,101,115,104,95,116,111,107,101,110,13,10,45,45,45,45,45,45,45,45,45,45,45,45,45,45,45,45,45,45,45,45,45,45,45,45,45,45,45,45,55,99,48,97,57,54,97,98,52,101,100,55,52,54,98,56,49,48,55,49,57,49,56,48,13,10,67,111,110,116,101,110,116,45,68,105,115,112,111,115,105,116,105,111,110,58,32,102,111,114,109,45,100,97,116,97,59,32,110,97,109,101,61,34,115,99,111,112,101,34,13,10,13,10,13,10,45,45,45,45,45,45,45,45,45,45,45,45,45,45,45,45,45,45,45,45,45,45,45,45,45,45,45,45,55,99,48,97,57,54,97,98,52,101,100,55,52,54,98,56,49,48,55,49,57,49,56,48,45,45,13,10]}}): ConnectTimeoutError: Connect Timeout Error (attempted address: www.googleapis.com:443, timeout: 10000ms)
[error] Authentication Error: Your credentials are no longer valid. Please run firebase login --reauth

For CI servers and headless environments, generate a new token with firebase login:ci
[debug] [2026-09-01T12:40:23.819Z] [functions] service account IAM check errored, deploy may fail: Authentication Error: Your credentials are no longer valid. Please run firebase login --reauth

For CI servers and headless environments, generate a new token with firebase login:ci {"name":"FirebaseError","children":[],"exit":1,"message":"Authentication Error: Your credentials are no longer valid. Please run \u001b[1mfirebase login --reauth\u001b[22m\n\nFor CI servers and headless environments, generate a new token with \u001b[1mfirebase login:ci\u001b[22m","status":500}
[info] 
[info] === Deploying to 'famitui'...
[info] 
[info] i  deploying functions 
[info] Running command: npm --prefix "$RESOURCE_DIR" run lint
[info] Running command: npm --prefix "$RESOURCE_DIR" run build
[info] ✔  functions: Finished running predeploy script. 
[debug] [2026-09-01T12:40:27.939Z] Checked if tokens are valid: false, expires at: 1788267000982
[debug] [2026-09-01T12:40:27.940Z] Checked if tokens are valid: false, expires at: 1788267000982
[debug] [2026-09-01T12:40:27.940Z] > refreshing access token with scopes: []
[debug] [2026-09-01T12:40:27.940Z] >>> [apiv2][query] POST https://www.googleapis.com/oauth2/v3/token [none]
[debug] [2026-09-01T12:40:27.940Z] >>> [apiv2][body] POST https://www.googleapis.com/oauth2/v3/token [omitted]
[debug] [2026-09-01T12:40:38.439Z] *** [apiv2] error from fetch(https://www.googleapis.com/oauth2/v3/token, {"headers":{},"method":"POST","body":{"type":"Buffer","data":[45,45,45,45,45,45,45,45,45,45,45,45,45,45,45,45,45,45,45,45,45,45,45,45,45,45,45,45,55,56,54,56,54,49,50,55,57,102,102,98,49,56,52,56,52,55,98,97,54,51,50,56,13,10,67,111,110,116,101,110,116,45,68,105,115,112,111,115,105,116,105,111,110,58,32,102,111,114,109,45,100,97,116,97,59,32,110,97,109,101,61,34,114,101,102,114,101,115,104,95,116,111,107,101,110,34,13,10,13,10,49,47,47,48,101,100,116,109,103,113,109,70,87,97,118,119,67,103,89,73,65,82,65,65,71,65,52,83,78,119,70,45,76,57,73,114,73,50,49,121,56,117,121,56,121,85,56,117,79,77,89,52,113,48,83,68,51,119,107,65,84,107,54,120,117,107,120,116,50,65,67,83,98,75,121,114,102,99,99,55,102,66,106,73,120,116,76,51,84,114,53,104,83,113,100,76,55,50,114,86,54,86,65,13,10,45,45,45,45,45,45,45,45,45,45,45,45,45,45,45,45,45,45,45,45,45,45,45,45,45,45,45,45,55,56,54,56,54,49,50,55,57,102,102,98,49,56,52,56,52,55,98,97,54,51,50,56,13,10,67,111,110,116,101,110,116,45,68,105,115,112,111,115,105,116,105,111,110,58,32,102,111,114,109,45,100,97,116,97,59,32,110,97,109,101,61,34,99,108,105,101,110,116,95,105,100,34,13,10,13,10,53,54,51,53,56,52,51,51,53,56,54,57,45,102,103,114,104,103,109,100,52,55,98,113,110,101,107,105,106,53,105,56,98,53,112,114,48,51,104,111,56,52,57,101,54,46,97,112,112,115,46,103,111,111,103,108,101,117,115,101,114,99,111,110,116,101,110,116,46,99,111,109,13,10,45,45,45,45,45,45,45,45,45,45,45,45,45,45,45,45,45,45,45,45,45,45,45,45,45,45,45,45,55,56,54,56,54,49,50,55,57,102,102,98,49,56,52,56,52,55,98,97,54,51,50,56,13,10,67,111,110,116,101,110,116,45,68,105,115,112,111,115,105,116,105,111,110,58,32,102,111,114,109,45,100,97,116,97,59,32,110,97,109,101,61,34,99,108,105,101,110,116,95,115,101,99,114,101,116,34,13,10,13,10,106,57,105,86,90,102,83,56,107,107,67,69,70,85,80,97,65,101,74,86,48,115,65,105,13,10,45,45,45,45,45,45,45,45,45,45,45,45,45,45,45,45,45,45,45,45,45,45,45,45,45,45,45,45,55,56,54,56,54,49,50,55,57,102,102,98,49,56,52,56,52,55,98,97,54,51,50,56,13,10,67,111,110,116,101,110,116,45,68,105,115,112,111,115,105,116,105,111,110,58,32,102,111,114,109,45,100,97,116,97,59,32,110,97,109,101,61,34,103,114,97,110,116,95,116,121,112,101,34,13,10,13,10,114,101,102,114,101,115,104,95,116,111,107,101,110,13,10,45,45,45,45,45,45,45,45,45,45,45,45,45,45,45,45,45,45,45,45,45,45,45,45,45,45,45,45,55,56,54,56,54,49,50,55,57,102,102,98,49,56,52,56,52,55,98,97,54,51,50,56,13,10,67,111,110,116,101,110,116,45,68,105,115,112,111,115,105,116,105,111,110,58,32,102,111,114,109,45,100,97,116,97,59,32,110,97,109,101,61,34,115,99,111,112,101,34,13,10,13,10,13,10,45,45,45,45,45,45,45,45,45,45,45,45,45,45,45,45,45,45,45,45,45,45,45,45,45,45,45,45,55,56,54,56,54,49,50,55,57,102,102,98,49,56,52,56,52,55,98,97,54,51,50,56,45,45,13,10]}}): ConnectTimeoutError: Connect Timeout Error (attempted address: www.googleapis.com:443, timeout: 10000ms)
[error] Authentication Error: Your credentials are no longer valid. Please run firebase login --reauth

For CI servers and headless environments, generate a new token with firebase login:ci
[debug] [2026-09-01T12:40:43.443Z] Error: Timed out.
    at Timeout._onTimeout (/Users/motegitakama/.npm-global/lib/node_modules/firebase-tools/lib/utils.js:296:49)
    at listOnTimeout (node:internal/timers:594:17)
    at process.processTimers (node:internal/timers:529:7)
[error] 
[error] Error: An unexpected error has occurred.
